[betco365.vercel.app/login.html]
[backblue.gif]
[fade.gif]
[index.html]
[betco365.vercel.app/favicon.ico]
[betco365.vercel.app/_nuxt/manifest.f9b350a9.json]
[betco365.vercel.app/js/jquery-1.12.4.min.js]
[betco365.vercel.app/js/bootstrap.min.js]
[betco365.vercel.app/js/popper.min.js]
[checkout.razorpay.com/v1/checkout.js]
[betco365.vercel.app/js/jquery.nice-select.min.js]
[betco365.vercel.app/js/wow.min.js]
[betco365.vercel.app/js/main.js]
[betco365.vercel.app/_nuxt/2f46495.js]
[betco365.vercel.app/_nuxt/96c386f.js]
[betco365.vercel.app/_nuxt/6eaec68.js]
[betco365.vercel.app/_nuxt/fonts/fa-brands-400.5c97ac9.eot]
[betco365.vercel.app/_nuxt/fonts/fa-brands-400.5c97ac9d41d.eot]
[betco365.vercel.app/_nuxt/fonts/fa-brands-400.c5fb524.woff2]
[betco365.vercel.app/_nuxt/fonts/fa-brands-400.f323920.woff]
[betco365.vercel.app/_nuxt/fonts/fa-brands-400.c521b81.ttf]
[betco365.vercel.app/_nuxt/img/fa-brands-400.ac6ff09.svg]
[betco365.vercel.app/_nuxt/fonts/fa-light-300.3c69f3a.eot]
[betco365.vercel.app/_nuxt/fonts/fa-light-300.9c312fb.woff2]
[betco365.vercel.app/_nuxt/fonts/fa-light-300.49f690d.woff]
[betco365.vercel.app/_nuxt/fonts/fa-light-300.95914d2.ttf]
[betco365.vercel.app/_nuxt/img/fa-light-300.2123118.svg]
[betco365.vercel.app/_nuxt/fonts/fa-light-300.3c69f3ad41d.eot]
[betco365.vercel.app/_nuxt/fonts/fa-regular-400.09e3730.eot]
[betco365.vercel.app/_nuxt/fonts/fa-regular-400.09e3730d41d.eot]
[betco365.vercel.app/_nuxt/fonts/fa-regular-400.865872d.woff2]
[betco365.vercel.app/_nuxt/fonts/fa-regular-400.bc7401a.woff]
[betco365.vercel.app/_nuxt/fonts/fa-regular-400.9337061.ttf]
[betco365.vercel.app/_nuxt/img/fa-regular-400.e997e53.svg]
[betco365.vercel.app/_nuxt/fonts/fa-solid-900.aa43d94.eot]
[betco365.vercel.app/_nuxt/fonts/fa-solid-900.aa43d94d41d.eot]
[betco365.vercel.app/_nuxt/fonts/fa-solid-900.e182c96.woff2]
[betco365.vercel.app/_nuxt/fonts/fa-solid-900.d201bbc.woff]
[betco365.vercel.app/_nuxt/fonts/fa-solid-900.cce226a.ttf]
[betco365.vercel.app/_nuxt/img/fa-solid-900.5b5390a.svg]
[betco365.vercel.app/_nuxt/img/logo.9d4d979.png]
[betco365.vercel.app/registration.html]
[betco365.vercel.app/_nuxt/img/breadcrumb.2b56949.jpg]
[betco365.vercel.app/login.html]
[betco365.vercel.app/_nuxt/img/fa-brands-400.ac6ff09.svg]
[betco365.vercel.app/contact.html]
[betco365.vercel.app/_nuxt/img/fa-light-300.2123118.svg]
[betco365.vercel.app/_nuxt/img/fa-regular-400.e997e53.svg]
[betco365.vercel.app/index.html]
[betco365.vercel.app/_nuxt/img/fa-solid-900.5b5390a.svg]
[betco365.vercel.app/_nuxt/bc0bfc5.js]
[betco365.vercel.app/_nuxt/82e0209.js]
[betco365.vercel.app/_nuxt/bd9249b.js]
[betco365.vercel.app/_nuxt/74db788.js]
[script.bugfinder.net/betco/assets/images/users/6072a712705a81618126610.png]
[script.bugfinder.net/betco/assets/images/default.png]
[betco365.vercel.app/index.html]
[betco365.vercel.app/registration.html]
[betco365.vercel.app/_nuxt/6197dca.js]
[betco365.vercel.app/_nuxt/027e6a7.js]
[betco365.vercel.app/_nuxt/img/contact-img-2.0b1cd5f.jpg]
[betco365.vercel.app/contact.html]
